[root@localhost /]# df -PhT
Filesystem              Type      Size  Used Avail Use% Mounted on
/dev/mapper/centos-root xfs        17G   11G  6.5G  63% /
devtmpfs                devtmpfs  981M     0  981M   0% /dev
tmpfs                   tmpfs    1001M     0 1001M   0% /dev/shm
tmpfs                   tmpfs    1001M   25M  976M   3% /run
tmpfs                   tmpfs    1001M     0 1001M   0% /sys/fs/cgroup
/dev/sda1               xfs      1014M  200M  815M  20% /boot
tmpfs                   tmpfs     201M     0  201M   0% /run/user/1000
[root@localhost /]# sudo sfdisk -l

Disk /dev/sda: 2610 cylinders, 255 heads, 63 sectors/track
Units: cylinders of 8225280 bytes, blocks of 1024 bytes, counting from 0

   Device Boot Start     End   #cyls    #blocks   Id  System
/dev/sda1   *      0+    130-    131-   1048576   83  Linux
/dev/sda2        130+   2610-   2481-  19921920   8e  Linux LVM
/dev/sda3          0       -       0          0    0  Empty
/dev/sda4          0       -       0          0    0  Empty

Disk /dev/mapper/centos-root: 2218 cylinders, 255 heads, 63 sectors/track

Disk /dev/mapper/centos-swap: 261 cylinders, 255 heads, 63 sectors/track
[root@localhost /]# sudo fdisk -l

Disk /dev/sda: 21.5 GB, 21474836480 bytes, 41943040 sectors
Units = sectors of 1 * 512 = 512 bytes
Sector size (logical/physical): 512 bytes / 512 bytes
I/O size (minimum/optimal): 512 bytes / 512 bytes
Disk label type: dos
Disk identifier: 0x0006aa61

   Device Boot      Start         End      Blocks   Id  System
/dev/sda1   *        2048     2099199     1048576   83  Linux
/dev/sda2         2099200    41943039    19921920   8e  Linux LVM

Disk /dev/mapper/centos-root: 18.2 GB, 18249416704 bytes, 35643392 sectors
Units = sectors of 1 * 512 = 512 bytes
Sector size (logical/physical): 512 bytes / 512 bytes
I/O size (minimum/optimal): 512 bytes / 512 bytes


Disk /dev/mapper/centos-swap: 2147 MB, 2147483648 bytes, 4194304 sectors
Units = sectors of 1 * 512 = 512 bytes
Sector size (logical/physical): 512 bytes / 512 bytes
I/O size (minimum/optimal): 512 bytes / 512 bytes

[root@localhost /]# sudo lsblk
NAME            MAJ:MIN RM  SIZE RO TYPE MOUNTPOINT
fd0               2:0    1    4K  0 disk 
sda               8:0    0   20G  0 disk 
¢"_¢"_sda1            8:1    0    1G  0 part /boot
¢""¢"_sda2            8:2    0   19G  0 part 
  ¢"_¢"_centos-root 253:0    0   17G  0 lvm  /
  ¢""¢"_centos-swap 253:1    0    2G  0 lvm  [SWAP]
sr0              11:0    1 1024M  0 rom  
[root@localhost /]# echo "- - -" > /sys/class/scsi_host/host#/scan
-bash: /sys/class/scsi_host/host#/scan: No such file or directory
[root@localhost /]# echo "- - -" > /sys/class/scsi_host/host0/scan
[root@localhost /]# ls /sys/class/scsi_host
host0  host1  host2
[root@localhost /]# echo "- - -" > /sys/class/scsi_host/host1/scan
[root@localhost /]# echo "- - -" > /sys/class/scsi_host/host2/scan
[root@localhost /]# fdisk -l

Disk /dev/sda: 21.5 GB, 21474836480 bytes, 41943040 sectors
Units = sectors of 1 * 512 = 512 bytes
Sector size (logical/physical): 512 bytes / 512 bytes
I/O size (minimum/optimal): 512 bytes / 512 bytes
Disk label type: dos
Disk identifier: 0x0006aa61

   Device Boot      Start         End      Blocks   Id  System
/dev/sda1   *        2048     2099199     1048576   83  Linux
/dev/sda2         2099200    41943039    19921920   8e  Linux LVM

Disk /dev/mapper/centos-root: 18.2 GB, 18249416704 bytes, 35643392 sectors
Units = sectors of 1 * 512 = 512 bytes
Sector size (logical/physical): 512 bytes / 512 bytes
I/O size (minimum/optimal): 512 bytes / 512 bytes


Disk /dev/mapper/centos-swap: 2147 MB, 2147483648 bytes, 4194304 sectors
Units = sectors of 1 * 512 = 512 bytes
Sector size (logical/physical): 512 bytes / 512 bytes
I/O size (minimum/optimal): 512 bytes / 512 bytes


Disk /dev/sdb: 10.7 GB, 10737418240 bytes, 20971520 sectors
Units = sectors of 1 * 512 = 512 bytes
Sector size (logical/physical): 512 bytes / 512 bytes
I/O size (minimum/optimal): 512 bytes / 512 bytes


Disk /dev/sdc: 10.7 GB, 10737418240 bytes, 20971520 sectors
Units = sectors of 1 * 512 = 512 bytes
Sector size (logical/physical): 512 bytes / 512 bytes
I/O size (minimum/optimal): 512 bytes / 512 bytes

[root@localhost /]# pvcreate /dev/sdb
  Physical volume "/dev/sdb" successfully created.
[root@localhost /]# pvcreate /dev/sdc
  Physical volume "/dev/sdc" successfully created.
[root@localhost /]# vgcreate vg0 /dev/sdb /dev/sdc
  Volume group "vg0" successfully created
[root@localhost /]# vgdisplay vg0
  --- Volume group ---
  VG Name               vg0
  System ID             
  Format                lvm2
  Metadata Areas        2
  Metadata Sequence No  1
  VG Access             read/write
  VG Status             resizable
  MAX LV                0
  Cur LV                0
  Open LV               0
  Max PV                0
  Cur PV                2
  Act PV                2
  VG Size               19.99 GiB
  PE Size               4.00 MiB
  Total PE              5118
  Alloc PE / Size       0 / 0   
  Free  PE / Size       5118 / 19.99 GiB
  VG UUID               uIYVcF-L08y-i6Nv-5nGZ-aRfW-wVw0-Ie1Ws6
   
[root@localhost /]# lvcreate -L 5G -n home vg0
  Logical volume "home" created.
[root@localhost /]# lvcreate -L 10G -m1 -n var vg0
  Insufficient free space: 5122 extents needed, but only 3838 available
[root@localhost /]# lvcreate -L 5G -m1 -n var vg0
  Insufficient suitable allocatable extents for logical volume var: 4 more required
[root@localhost /]# lvcreate -L 2G -m1 -n var vg0
  Logical volume "var" created.
[root@localhost /]# lvs
  LV   VG     Attr       LSize   Pool Origin Data%  Meta%  Move Log Cpy%Sync Convert
  root centos -wi-ao---- <17.00g                                                    
  swap centos -wi-ao----   2.00g                                                    
  home vg0    -wi-a-----   5.00g                                                    
  var  vg0    rwi-a-r---   2.00g                                    2.04            
[root@localhost /]# df -h
Filesystem               Size  Used Avail Use% Mounted on
/dev/mapper/centos-root   17G   11G  6.5G  63% /
devtmpfs                 981M     0  981M   0% /dev
tmpfs                   1001M     0 1001M   0% /dev/shm
tmpfs                   1001M   25M  976M   3% /run
tmpfs                   1001M     0 1001M   0% /sys/fs/cgroup
/dev/sda1               1014M  200M  815M  20% /boot
tmpfs                    201M     0  201M   0% /run/user/1000
[root@localhost /]# mount /dev/vg
vg0/         vga_arbiter  
[root@localhost /]# mount /dev/vg0/
home  var   
[root@localhost /]# mount /dev/vg0/home /home
mount: unknown filesystem type '(null)'
[root@localhost /]# mkfs.ext4 /dev/vg0/home
mke2fs 1.42.9 (28-Dec-2013)
Filesystem label=
OS type: Linux
Block size=4096 (log=2)
Fragment size=4096 (log=2)
Stride=0 blocks, Stripe width=0 blocks
327680 inodes, 1310720 blocks
65536 blocks (5.00%) reserved for the super user
First data block=0
Maximum filesystem blocks=1342177280
40 block groups
32768 blocks per group, 32768 fragments per group
8192 inodes per group
Superblock backups stored on blocks: 
        32768, 98304, 163840, 229376, 294912, 819200, 884736

Allocating group tables: done                            
Writing inode tables: done                            
Creating journal (32768 blocks): done
Writing superblocks and filesystem accounting information:      
done

[root@localhost /]# 
[root@localhost /]# mkfs.ext4 /dev/vg0/var
mke2fs 1.42.9 (28-Dec-2013)
Filesystem label=
OS type: Linux
Block size=4096 (log=2)
Fragment size=4096 (log=2)
Stride=0 blocks, Stripe width=0 blocks
131072 inodes, 524288 blocks
26214 blocks (5.00%) reserved for the super user
First data block=0
Maximum filesystem blocks=536870912
16 block groups
32768 blocks per group, 32768 fragments per group
8192 inodes per group
Superblock backups stored on blocks: 
        32768, 98304, 163840, 229376, 294912

Allocating group tables: done                            
Writing inode tables: done                            
Creating journal (16384 blocks): done
Writing superblocks and filesystem accounting information:      
done

[root@localhost /]# 
[root@localhost /]# mount /dev/vg0/home /home
[root@localhost /]# df /home/
Filesystem           1K-blocks  Used Available Use% Mounted on
/dev/mapper/vg0-home   5029504 20472   4730504   1% /home
[root@localhost /]# mount /dev/vg0/var /var
[root@localhost /]# df /var
Filesystem          1K-blocks  Used Available Use% Mounted on
/dev/mapper/vg0-var   1998672  6144   1871288   1% /var
[root@localhost /]# df -h
Filesystem               Size  Used Avail Use% Mounted on
/dev/mapper/centos-root   17G   11G  6.5G  63% /
devtmpfs                 981M     0  981M   0% /dev
tmpfs                   1001M     0 1001M   0% /dev/shm
tmpfs                   1001M   25M  976M   3% /run
tmpfs                   1001M     0 1001M   0% /sys/fs/cgroup
/dev/sda1               1014M  200M  815M  20% /boot
tmpfs                    201M     0  201M   0% /run/user/1000
/dev/mapper/vg0-home     4.8G   20M  4.6G   1% /home
/dev/mapper/vg0-var      2.0G  6.0M  1.8G   1% /var
[root@localhost /]# vim /etc/fstab 

#
# /etc/fstab
# Created by anaconda on Fri Apr 27 05:45:40 2018
#
# Accessible filesystems, by reference, are maintained under '/dev/disk'
# See man pages fstab(5), findfs(8), mount(8) and/or blkid(8) for more info
#
/dev/mapper/centos-root /                       xfs     defaults        0 0
UUID=9546d235-54d7-42e3-9374-3c3641a39f41 /boot                   xfs     defaults        0 0
/dev/mapper/centos-swap swap                    swap    defaults        0 0
/dev/mapper/vg0-home /home ext4 defaults 0 0
/dev/mapper/vg0-var /var ext4 default 0 0
~
~
~
[root@localhost ~]# df -h
Filesystem               Size  Used Avail Use% Mounted on
/dev/mapper/centos-root   17G   11G  6.5G  63% /
devtmpfs                 909M     0  909M   0% /dev
tmpfs                    920M     0  920M   0% /dev/shm
tmpfs                    920M  8.6M  912M   1% /run
tmpfs                    920M     0  920M   0% /sys/fs/cgroup
/dev/sda1               1014M  182M  833M  18% /boot
/dev/mapper/vg0-var      2.0G  164M  1.7G   9% /var
tmpfs                    184M     0  184M   0% /run/user/1000
/dev/mapper/vg0-home     4.8G  553M  4.0G  12% /home

[root@localhost ~]# df -h
Filesystem               Size  Used Avail Use% Mounted on
/dev/mapper/centos-root   17G   11G  6.5G  63% /
devtmpfs                 909M     0  909M   0% /dev
tmpfs                    920M     0  920M   0% /dev/shm
tmpfs                    920M  8.6M  912M   1% /run
tmpfs                    920M     0  920M   0% /sys/fs/cgroup
/dev/sda1               1014M  182M  833M  18% /boot
/dev/mapper/vg0-var      2.0G  164M  1.7G   9% /var
tmpfs                    184M     0  184M   0% /run/user/1000
/dev/mapper/vg0-home     4.8G  553M  4.0G  12% /home
[root@localhost ~]# ^C
[root@localhost ~]# cd /home
[root@localhost home]# ls -al
total 24
drwxr-xr-x.  4 root root  4096 May 11 13:13 .
dr-xr-xr-x. 19 root root   255 May 11 13:18 ..
drwx------.  2 root root 16384 May 11 12:34 lost+found
drwx------.  5 root root  4096 May 11 13:13 solomon585858
[root@localhost home]# 
[root@localhost home]# 
[root@localhost home]# 
[root@localhost home]# touch file1
[root@localhost home]# touch file2
[root@localhost home]# ls -al
total 24
drwxr-xr-x.  4 root root  4096 May 11 13:23 .
dr-xr-xr-x. 19 root root   255 May 11 13:18 ..
-rw-r--r--.  1 root root     0 May 11 13:23 file1
-rw-r--r--.  1 root root     0 May 11 13:23 file2
drwx------.  2 root root 16384 May 11 12:34 lost+found
drwx------.  5 root root  4096 May 11 13:13 solomon585858
[root@localhost home]# vgs
  VG     #PV #LV #SN Attr   VSize   VFree 
  centos   1   2   0 wz--n- <19.00g     0 
  vg0      2   2   0 wz--n-  19.99g 10.98g
[root@localhost home]# lvs
  LV   VG     Attr       LSize   Pool Origin Data%  Meta%  Move Log Cpy%Sync Convert
  root centos -wi-ao---- <17.00g                                                    
  swap centos -wi-ao----   2.00g                                                    
  home vg0    -wi-ao----   5.00g                                                    
  var  vg0    rwi-aor---   2.00g                                    100.00          
[root@localhost home]# lvcreate -L 1GB -s -n tecmint_datas_snap /dev/vg_tecm^C_extra/tecmint_datas   
[root@localhost home]# --   2.00g                                    100.00          
-bash: --: command not found
[root@localhost home]# [root@localhost home]# lvcreate -L ^CB -s -n tecmint_datas_snap /dev/vg_tecmint_extra/tecmint_datas  
[root@localhost home]# 
[root@localhost home]# 
[root@localhost home]# lvcreate --size 1G --snapshot --name test_snap /dev/vg0/home
  Using default stripesize 64.00 KiB.
  Logical volume "test_snap" created.
[root@localhost home]# lvs
  LV        VG     Attr       LSize   Pool Origin Data%  Meta%  Move Log Cpy%Sync Convert
  root      centos -wi-ao---- <17.00g                                                    
  swap      centos -wi-ao----   2.00g                                                    
  home      vg0    owi-aos---   5.00g                                                    
  test_snap vg0    swi-a-s---   1.00g      home   0.00                                   
  var       vg0    rwi-aor---   2.00g                                    100.00          
[root@localhost home]# ls -al
total 24
drwxr-xr-x.  4 root root  4096 May 11 13:23 .
dr-xr-xr-x. 19 root root   255 May 11 13:18 ..
-rw-r--r--.  1 root root     0 May 11 13:23 file1
-rw-r--r--.  1 root root     0 May 11 13:23 file2
drwx------.  2 root root 16384 May 11 12:34 lost+found
drwx------.  5 root root  4096 May 11 13:13 solomon585858
[root@localhost home]# rm file1
rm: remove regular empty file ¢__file1¢_T? 
[root@localhost home]# rm file2
rm: remove regular empty file ¢__file2¢_T? 
[root@localhost home]# ls -al
total 24
drwxr-xr-x.  4 root root  4096 May 11 13:23 .
dr-xr-xr-x. 19 root root   255 May 11 13:18 ..
-rw-r--r--.  1 root root     0 May 11 13:23 file1
-rw-r--r--.  1 root root     0 May 11 13:23 file2
drwx------.  2 root root 16384 May 11 12:34 lost+found
drwx------.  5 root root  4096 May 11 13:13 solomon585858
[root@localhost home]# rm -f file1
[root@localhost home]# rm -f file2
[root@localhost home]# ls -al
total 24
drwxr-xr-x.  4 root root  4096 May 11 13:28 .
dr-xr-xr-x. 19 root root   255 May 11 13:18 ..
drwx------.  2 root root 16384 May 11 12:34 lost+found
drwx------.  5 root root  4096 May 11 13:13 solomon585858
[root@localhost home]# lvconvert --merge vg0/test_snap
  Can't merge until origin volume is closed.
  Merging of snapshot vg0/test_snap will occur on next activation of vg0/home.
[root@localhost home]# ^C
[root@localhost home]# vgchange -ay
  2 logical volume(s) in volume group "centos" now active
  2 logical volume(s) in volume group "vg0" now active
  Background polling started for 1 logical volume(s) in volume group "vg0"
[root@localhost home]# lvconvert --merge vg0/test_snap
  Command on LV vg0/test_snap does not accept LV with properties: lv_is_merging_cow .
  Command not permitted on LV vg0/test_snap.
[root@localhost home]# ^C
[root@localhost home]# mount /dev/vg0/test_snap /mnt
[root@localhost home]# ll /mnt
total 20
-rw-r--r--. 1 root root     0 May 11 13:23 file1
-rw-r--r--. 1 root root     0 May 11 13:23 file2
drwx------. 2 root root 16384 May 11 12:34 lost+found
drwx------. 5 root root  4096 May 11 13:13 solomon585858
[root@localhost home]# df -h
Filesystem                 Size  Used Avail Use% Mounted on
/dev/mapper/centos-root     17G   11G  6.5G  63% /
devtmpfs                   909M     0  909M   0% /dev
tmpfs                      920M     0  920M   0% /dev/shm
tmpfs                      920M  8.6M  912M   1% /run
tmpfs                      920M     0  920M   0% /sys/fs/cgroup
/dev/sda1                 1014M  200M  815M  20% /boot
/dev/mapper/vg0-var        2.0G  118M  1.7G   7% /var
tmpfs                      184M     0  184M   0% /run/user/1000
/dev/mapper/vg0-home       4.8G  553M  4.0G  12% /home
/dev/mapper/vg0-test_snap  4.8G  553M  4.0G  12% /mnt
[root@localhost home]# umount /mnt
[root@localhost home]# umount /home
umount: /home: target is busy.
        (In some cases useful info about processes that use
         the device is found by lsof(8) or fuser(1))
[root@localhost home]# ls -al
total 24
drwxr-xr-x.  4 root root  4096 May 11 13:28 .
dr-xr-xr-x. 19 root root   255 May 11 13:18 ..
drwx------.  2 root root 16384 May 11 12:34 lost+found
drwx------.  5 root root  4096 May 11 13:13 solomon585858
[root@localhost home]# cd ~
[root@localhost ~]# cd /
[root@localhost /]# ls -al
total 24
dr-xr-xr-x.  19 root root  255 May 11 13:18 .
dr-xr-xr-x.  19 root root  255 May 11 13:18 ..
lrwxrwxrwx.   1 root root    7 Apr 27 05:45 bin -> usr/bin
dr-xr-xr-x.   5 root root 4096 May 11 13:20 boot
drwxr-xr-x.  20 root root 3400 May 11 13:25 dev
drwxr-xr-x.  85 root root 8192 May 11 13:19 etc
drwxr-xr-x.   4 root root 4096 May 11 13:28 home
drwxr-xr-x.   3 root root   27 Apr 27 05:53 home.old
lrwxrwxrwx.   1 root root    7 Apr 27 05:45 lib -> usr/lib
lrwxrwxrwx.   1 root root    9 Apr 27 05:45 lib64 -> usr/lib64
drwxr-xr-x.   2 root root    6 Nov  5  2016 media
drwxr-xr-x.   4 root root   29 May 11 13:06 mnt
drwxr-xr-x.   3 root root   16 Apr 27 05:49 opt
dr-xr-xr-x. 149 root root    0 May 11 13:11 proc
dr-xr-x---.   4 root root  198 May 11 13:19 root
drwxr-xr-x.  29 root root  840 May 11 13:30 run
lrwxrwxrwx.   1 root root    8 Apr 27 05:45 sbin -> usr/sbin
drwxr-xr-x.   2 root root    6 Nov  5  2016 srv
dr-xr-xr-x.  13 root root    0 May 11 13:11 sys
drwxrwxrwt.   9 root root  252 May 11 13:35 tmp
drwxr-xr-x.  13 root root  155 Apr 27 05:45 usr
drwxr-xr-x.  21 root root 4096 May 11 13:03 var
drwxr-xr-x.  20 root root  282 Apr 27 05:54 var.old
[root@localhost /]# df -h
Filesystem               Size  Used Avail Use% Mounted on
/dev/mapper/centos-root   17G   11G  6.5G  63% /
devtmpfs                 909M     0  909M   0% /dev
tmpfs                    920M     0  920M   0% /dev/shm
tmpfs                    920M  8.6M  912M   1% /run
tmpfs                    920M     0  920M   0% /sys/fs/cgroup
/dev/sda1               1014M  200M  815M  20% /boot
/dev/mapper/vg0-var      2.0G  118M  1.7G   7% /var
tmpfs                    184M     0  184M   0% /run/user/1000
/dev/mapper/vg0-home     4.8G  553M  4.0G  12% /home
[root@localhost /]# umount /home
[root@localhost /]# df h-
df: ¢__h-¢_T: No such file or directory
[root@localhost /]# df -h
Filesystem               Size  Used Avail Use% Mounted on
/dev/mapper/centos-root   17G   11G  6.5G  63% /
devtmpfs                 909M     0  909M   0% /dev
tmpfs                    920M     0  920M   0% /dev/shm
tmpfs                    920M  8.6M  912M   1% /run
tmpfs                    920M     0  920M   0% /sys/fs/cgroup
/dev/sda1               1014M  200M  815M  20% /boot
/dev/mapper/vg0-var      2.0G  118M  1.7G   7% /var
tmpfs                    184M     0  184M   0% /run/user/1000
[root@localhost /]# lvchange -an  /dev/vg0/home
[root@localhost /]# lvchange -ay  /dev/vg0/home 
[root@localhost /]# ll /home
total 0
[root@localhost /]# df -h
Filesystem               Size  Used Avail Use% Mounted on
/dev/mapper/centos-root   17G   11G  6.5G  63% /
devtmpfs                 909M     0  909M   0% /dev
tmpfs                    920M     0  920M   0% /dev/shm
tmpfs                    920M  8.6M  912M   1% /run
tmpfs                    920M     0  920M   0% /sys/fs/cgroup
/dev/sda1               1014M  200M  815M  20% /boot
/dev/mapper/vg0-var      2.0G  118M  1.7G   7% /var
tmpfs                    184M     0  184M   0% /run/user/1000
[root@localhost /]# lvconvert --merge /dev/vg0/home 
  vg0/home is not read-only - refusing to merge.
[root@localhost /]# 
[root@localhost /]# 
[root@localhost /]# 
[root@localhost /]# 
[root@localhost /]# 
[root@localhost /]# 
[root@localhost /]# lvconvert --merge /dev/vg0/home 
  vg0/home is not read-only - refusing to merge.
[root@localhost /]# 
[root@localhost /]# 
[root@localhost /]# lvs
  LV   VG     Attr       LSize   Pool Origin Data%  Meta%  Move Log Cpy%Sync Convert
  root centos -wi-ao---- <17.00g                                                    
  swap centos -wi-ao----   2.00g                                                    
  home vg0    -wi-a-----   5.00g                                                    
  var  vg0    rwi-aor---   2.00g                                    100.00          
[root@localhost /]# df -h
Filesystem               Size  Used Avail Use% Mounted on
/dev/mapper/centos-root   17G   11G  6.5G  63% /
devtmpfs                 909M     0  909M   0% /dev
tmpfs                    920M     0  920M   0% /dev/shm
tmpfs                    920M  8.6M  912M   1% /run
tmpfs                    920M     0  920M   0% /sys/fs/cgroup
/dev/sda1               1014M  200M  815M  20% /boot
/dev/mapper/vg0-var      2.0G  118M  1.7G   7% /var
tmpfs                    184M     0  184M   0% /run/user/1000
[root@localhost /]# lvs
  LV   VG     Attr       LSize   Pool Origin Data%  Meta%  Move Log Cpy%Sync Convert
  root centos -wi-ao---- <17.00g                                                    
  swap centos -wi-ao----   2.00g                                                    
  home vg0    -wi-a-----   5.00g                                                    
  var  vg0    rwi-aor---   2.00g                                    100.00          
[root@localhost /]# mount /dev/vg0/home /home
[root@localhost /]# df -h
Filesystem               Size  Used Avail Use% Mounted on
/dev/mapper/centos-root   17G   11G  6.5G  63% /
devtmpfs                 909M     0  909M   0% /dev
tmpfs                    920M     0  920M   0% /dev/shm
tmpfs                    920M  8.6M  912M   1% /run
tmpfs                    920M     0  920M   0% /sys/fs/cgroup
/dev/sda1               1014M  200M  815M  20% /boot
/dev/mapper/vg0-var      2.0G  118M  1.7G   7% /var
tmpfs                    184M     0  184M   0% /run/user/1000
/dev/mapper/vg0-home     4.8G  553M  4.0G  12% /home
[root@localhost /]# ll /home
total 20
-rw-r--r--. 1 root root     0 May 11 13:23 file1
-rw-r--r--. 1 root root     0 May 11 13:23 file2
drwx------. 2 root root 16384 May 11 12:34 lost+found
drwx------. 5 root root  4096 May 11 13:13 solomon585858
[root@localhost /]# lvs
  LV   VG     Attr       LSize   Pool Origin Data%  Meta%  Move Log Cpy%Sync Convert
  root centos -wi-ao---- <17.00g                                                    
  swap centos -wi-ao----   2.00g                                                    
  home vg0    -wi-ao----   5.00g                                                    
  var  vg0    rwi-aor---   2.00g                                    100.00          
[root@localhost /]# cd /home
[root@localhost home]# touch file3
[root@localhost home]# touch file4
[root@localhost home]# ll
total 20
-rw-r--r--. 1 root root     0 May 11 13:23 file1
-rw-r--r--. 1 root root     0 May 11 13:23 file2
-rw-r--r--. 1 root root     0 May 11 13:39 file3
-rw-r--r--. 1 root root     0 May 11 13:39 file4
drwx------. 2 root root 16384 May 11 12:34 lost+found
drwx------. 5 root root  4096 May 11 13:13 solomon585858
[root@localhost home]# lvcreate --size 1G --snapshot --name test_snap2 /dev/vg0/home
  Using default stripesize 64.00 KiB.
  Logical volume "test_snap2" created.
[root@localhost home]# lvs
  LV         VG     Attr       LSize   Pool Origin Data%  Meta%  Move Log Cpy%Sync Convert
  root       centos -wi-ao---- <17.00g                                                    
  swap       centos -wi-ao----   2.00g                                                    
  home       vg0    owi-aos---   5.00g                                                    
  test_snap2 vg0    swi-a-s---   1.00g      home   0.00                                   
  var        vg0    rwi-aor---   2.00g                                    100.00          
[root@localhost home]# cd /
[root@localhost /]# umount /home
[root@localhost /]# lvs
  LV         VG     Attr       LSize   Pool Origin Data%  Meta%  Move Log Cpy%Sync Convert
  root       centos -wi-ao---- <17.00g                                                    
  swap       centos -wi-ao----   2.00g                                                    
  home       vg0    owi-a-s---   5.00g                                                    
  test_snap2 vg0    swi-a-s---   1.00g      home   0.00                                   
  var        vg0    rwi-aor---   2.00g                                    100.00          
[root@localhost /]# df -h
Filesystem               Size  Used Avail Use% Mounted on
/dev/mapper/centos-root   17G   11G  6.5G  63% /
devtmpfs                 909M     0  909M   0% /dev
tmpfs                    920M     0  920M   0% /dev/shm
tmpfs                    920M  8.6M  912M   1% /run
tmpfs                    920M     0  920M   0% /sys/fs/cgroup
/dev/sda1               1014M  200M  815M  20% /boot
/dev/mapper/vg0-var      2.0G  118M  1.7G   7% /var
tmpfs                    184M     0  184M   0% /run/user/1000
[root@localhost /]# lvconvert --merge /dev/vg0/test_snap2 
  Merging of volume vg0/test_snap2 started.
  home: Merged: 100.00%
[root@localhost /]# 
[root@localhost /]# 
[root@localhost /]# df -h
Filesystem               Size  Used Avail Use% Mounted on
/dev/mapper/centos-root   17G   11G  6.5G  63% /
devtmpfs                 909M     0  909M   0% /dev
tmpfs                    920M     0  920M   0% /dev/shm
tmpfs                    920M  8.6M  912M   1% /run
tmpfs                    920M     0  920M   0% /sys/fs/cgroup
/dev/sda1               1014M  200M  815M  20% /boot
/dev/mapper/vg0-var      2.0G  118M  1.7G   7% /var
tmpfs                    184M     0  184M   0% /run/user/1000
[root@localhost /]# lvs
  LV   VG     Attr       LSize   Pool Origin Data%  Meta%  Move Log Cpy%Sync Convert
  root centos -wi-ao---- <17.00g                                                    
  swap centos -wi-ao----   2.00g                                                    
  home vg0    -wi-a-----   5.00g                                                    
  var  vg0    rwi-aor---   2.00g                                    100.00          
[root@localhost /]# mount /dev/vg0/home /home
[root@localhost /]# ls -al
total 24
dr-xr-xr-x.  19 root root  255 May 11 13:18 .
dr-xr-xr-x.  19 root root  255 May 11 13:18 ..
lrwxrwxrwx.   1 root root    7 Apr 27 05:45 bin -> usr/bin
dr-xr-xr-x.   5 root root 4096 May 11 13:20 boot
drwxr-xr-x.  20 root root 3340 May 11 13:41 dev
drwxr-xr-x.  85 root root 8192 May 11 13:19 etc
drwxr-xr-x.   4 root root 4096 May 11 13:39 home
drwxr-xr-x.   3 root root   27 Apr 27 05:53 home.old
lrwxrwxrwx.   1 root root    7 Apr 27 05:45 lib -> usr/lib
lrwxrwxrwx.   1 root root    9 Apr 27 05:45 lib64 -> usr/lib64
drwxr-xr-x.   2 root root    6 Nov  5  2016 media
drwxr-xr-x.   4 root root   29 May 11 13:06 mnt
drwxr-xr-x.   3 root root   16 Apr 27 05:49 opt
dr-xr-xr-x. 140 root root    0 May 11 13:11 proc
dr-xr-x---.   4 root root  198 May 11 13:19 root
drwxr-xr-x.  29 root root  860 May 11 13:41 run
lrwxrwxrwx.   1 root root    8 Apr 27 05:45 sbin -> usr/sbin
drwxr-xr-x.   2 root root    6 Nov  5  2016 srv
dr-xr-xr-x.  13 root root    0 May 11 13:11 sys
drwxrwxrwt.   9 root root  252 May 11 13:41 tmp
drwxr-xr-x.  13 root root  155 Apr 27 05:45 usr
drwxr-xr-x.  21 root root 4096 May 11 13:03 var
drwxr-xr-x.  20 root root  282 Apr 27 05:54 var.old
[root@localhost /]# df -h
Filesystem               Size  Used Avail Use% Mounted on
/dev/mapper/centos-root   17G   11G  6.5G  63% /
devtmpfs                 909M     0  909M   0% /dev
tmpfs                    920M     0  920M   0% /dev/shm
tmpfs                    920M  8.6M  912M   1% /run
tmpfs                    920M     0  920M   0% /sys/fs/cgroup
/dev/sda1               1014M  200M  815M  20% /boot
/dev/mapper/vg0-var      2.0G  118M  1.7G   7% /var
tmpfs                    184M     0  184M   0% /run/user/1000
/dev/mapper/vg0-home     4.8G  553M  4.0G  12% /home
[root@localhost /]# ll /home
total 20
-rw-r--r--. 1 root root     0 May 11 13:23 file1
-rw-r--r--. 1 root root     0 May 11 13:23 file2
-rw-r--r--. 1 root root     0 May 11 13:39 file3
-rw-r--r--. 1 root root     0 May 11 13:39 file4
drwx------. 2 root root 16384 May 11 12:34 lost+found
drwx------. 5 root root  4096 May 11 13:13 solomon585858
[root@localhost /]# lvs
  LV   VG     Attr       LSize   Pool Origin Data%  Meta%  Move Log Cpy%Sync Convert
  root centos -wi-ao---- <17.00g                                                    
  swap centos -wi-ao----   2.00g                                                    
  home vg0    -wi-ao----   5.00g                                                    
  var  vg0    rwi-aor---   2.00g                                    100.00          
[root@localhost /]# cd /home
[root@localhost home]# rm -f file1
[root@localhost home]# rm -f filew
[root@localhost home]# rm -f file2
[root@localhost home]# ll
total 20
-rw-r--r--. 1 root root     0 May 11 13:39 file3
-rw-r--r--. 1 root root     0 May 11 13:39 file4
drwx------. 2 root root 16384 May 11 12:34 lost+found
drwx------. 5 root root  4096 May 11 13:13 solomon585858
[root@localhost home]# cd ..
[root@localhost /]# lvcreate --size 1G --snapshot --name test_snap3 /dev/vg0/home
  Using default stripesize 64.00 KiB.
  Logical volume "test_snap3" created.
[root@localhost /]# cd /home
[root@localhost home]# rm -f file3
[root@localhost home]# rm -f file4
[root@localhost home]# ll
total 20
drwx------. 2 root root 16384 May 11 12:34 lost+found
drwx------. 5 root root  4096 May 11 13:13 solomon585858
[root@localhost home]# cd /
[root@localhost /]# umount /home
[root@localhost /]# 
[root@localhost /]# 
[root@localhost /]# lvconvert --merge /dev/vg0/test_snap3 
  Merging of volume vg0/test_snap3 started.
  home: Merged: 100.00%

[root@localhost /]# 
[root@localhost /]# ll
total 20
lrwxrwxrwx.   1 root root    7 Apr 27 05:45 bin -> usr/bin
dr-xr-xr-x.   5 root root 4096 May 11 13:20 boot
drwxr-xr-x.  20 root root 3340 May 11 13:43 dev
drwxr-xr-x.  85 root root 8192 May 11 13:19 etc
drwxr-xr-x.   2 root root    6 May 11 13:18 home
drwxr-xr-x.   3 root root   27 Apr 27 05:53 home.old
lrwxrwxrwx.   1 root root    7 Apr 27 05:45 lib -> usr/lib
lrwxrwxrwx.   1 root root    9 Apr 27 05:45 lib64 -> usr/lib64
drwxr-xr-x.   2 root root    6 Nov  5  2016 media
drwxr-xr-x.   4 root root   29 May 11 13:06 mnt
drwxr-xr-x.   3 root root   16 Apr 27 05:49 opt
dr-xr-xr-x. 140 root root    0 May 11 13:11 proc
dr-xr-x---.   4 root root  198 May 11 13:19 root
drwxr-xr-x.  29 root root  860 May 11 13:43 run
lrwxrwxrwx.   1 root root    8 Apr 27 05:45 sbin -> usr/sbin
drwxr-xr-x.   2 root root    6 Nov  5  2016 srv
dr-xr-xr-x.  13 root root    0 May 11 13:11 sys
drwxrwxrwt.   9 root root  252 May 11 13:43 tmp
drwxr-xr-x.  13 root root  155 Apr 27 05:45 usr
drwxr-xr-x.  21 root root 4096 May 11 13:03 var
drwxr-xr-x.  20 root root  282 Apr 27 05:54 var.old
[root@localhost /]# df -h
Filesystem               Size  Used Avail Use% Mounted on
/dev/mapper/centos-root   17G   11G  6.5G  63% /
devtmpfs                 909M     0  909M   0% /dev
tmpfs                    920M     0  920M   0% /dev/shm
tmpfs                    920M  8.6M  912M   1% /run
tmpfs                    920M     0  920M   0% /sys/fs/cgroup
/dev/sda1               1014M  200M  815M  20% /boot
/dev/mapper/vg0-var      2.0G  118M  1.7G   7% /var
tmpfs                    184M     0  184M   0% /run/user/1000
[root@localhost /]# mount /dev/vg0/home /home
[root@localhost /]# df -h
Filesystem               Size  Used Avail Use% Mounted on
/dev/mapper/centos-root   17G   11G  6.5G  63% /
devtmpfs                 909M     0  909M   0% /dev
tmpfs                    920M     0  920M   0% /dev/shm
tmpfs                    920M  8.6M  912M   1% /run
tmpfs                    920M     0  920M   0% /sys/fs/cgroup
/dev/sda1               1014M  200M  815M  20% /boot
/dev/mapper/vg0-var      2.0G  118M  1.7G   7% /var
tmpfs                    184M     0  184M   0% /run/user/1000
/dev/mapper/vg0-home     4.8G  553M  4.0G  12% /home
[root@localhost /]# ll /home
total 20
-rw-r--r--. 1 root root     0 May 11 13:39 file3
-rw-r--r--. 1 root root     0 May 11 13:39 file4
drwx------. 2 root root 16384 May 11 12:34 lost+found
drwx------. 5 root root  4096 May 11 13:13 solomon585858
                                                                               